ERC report (2026-07-26T21:16:15, Encoding UTF8)
Report includes: Errors, Warnings

***** Sheet /C125/
[power_pin_not_driven]: Input Power pin not driven by any Output Power pins
    ; error
    @(3900 mils, 3500 mils): Symbol C125 Pin 33 [Battery_Positive, Power input, Line]
[pin_not_driven]: Input pin not driven by any Output pins
    ; error
    @(3900 mils, 7300 mils): Symbol C125 Pin 14 [Digital_Input_1, Input, Line]
[power_pin_not_driven]: Input Power pin not driven by any Output Power pins
    ; error
    @(3900 mils, 8300 mils): Symbol C125 Pin 9 [Sensor_0V, Power input, Line]
[power_pin_not_driven]: Input Power pin not driven by any Output Power pins
    ; error
    @(3900 mils, 8500 mils): Symbol C125 Pin 8 [Sensor_5V, Power input, Line]
[power_pin_not_driven]: Input Power pin not driven by any Output Power pins
    ; error
    @(4100 mils, 3300 mils): Symbol #PWR01 Hidden pin  [GND, Power input, Line]
[label_dangling]: Label not connected
    ; error
    @(2550 mils, 9200 mils): Global Label 'ECU_5V_A'
[label_dangling]: Label not connected
    ; error
    @(13514 mils, 3700 mils): Global Label 'START_STATE'
[lib_symbol_issues]: The current configuration does not include the symbol library 'Duke Motorsports'
    ; warning
    @(3600 mils, -1100 mils): Symbol C125 [C125 34-Pin Connector]
[lib_symbol_issues]: The current configuration does not include the symbol library 'Dyno Harness 2026-altium-import'
    ; warning
    @(4100 mils, 3300 mils): Symbol #PWR01 [GND_POWER_GROUND]
[isolated_pin_label]: Label connected to only one pin
    ; warning
    @(4400 mils, 7300 mils): Global Label 'START_STATE'
[lib_symbol_issues]: The current configuration does not include the symbol library 'Duke Motorsports'
    ; warning
    @(605 mils, 7100 mils): Symbol MoTeC LTCDB1 [LTCD-POW-Symbol-1]
[lib_symbol_issues]: The current configuration does not include the symbol library 'Duke Motorsports'
    ; warning
    @(1305 mils, 10100 mils): Symbol FP1 [PS-150 Pressure Sensor]
[lib_symbol_issues]: The current configuration does not include the symbol library 'Duke Motorsports'
    ; warning
    @(1600 mils, 4000 mils): Symbol IGN1 [MoTeC IGN4]
[lib_symbol_issues]: The current configuration does not include the symbol library 'Duke Motorsports'
    ; warning
    @(1605 mils, 9000 mils): Symbol U1 [SNSR-03088]
[endpoint_off_grid]: Symbol pin or wire end off connection grid
    ; warning
    @(1605 mils, 9900 mils): Vertical Wire, length 100 mils
[endpoint_off_grid]: Symbol pin or wire end off connection grid
    ; warning
    @(1605 mils, 10100 mils): Symbol FP1 Pin A [GND, Passive, Line]
[endpoint_off_grid]: Symbol pin or wire end off connection grid
    ; warning
    @(1605 mils, 10300 mils): Vertical Wire, length 100 mils
[lib_symbol_issues]: The current configuration does not include the symbol library 'Duke Motorsports'
    ; warning
    @(1705 mils, 5100 mils): Symbol TB1 [0-280-750-148]
[endpoint_off_grid]: Symbol pin or wire end off connection grid
    ; warning
    @(1705 mils, 9900 mils): Horizontal Wire, length 100 mils
[endpoint_off_grid]: Symbol pin or wire end off connection grid
    ; warning
    @(1705 mils, 10100 mils): Horizontal Wire, length 100 mils
[endpoint_off_grid]: Symbol pin or wire end off connection grid
    ; warning
    @(1705 mils, 10300 mils): Horizontal Wire, length 100 mils
[endpoint_off_grid]: Symbol pin or wire end off connection grid
    ; warning
    @(1805 mils, 6800 mils): Vertical Wire, length 300 mils
[endpoint_off_grid]: Symbol pin or wire end off connection grid
    ; warning
    @(1805 mils, 7200 mils): Horizontal Wire, length 100 mils
[endpoint_off_grid]: Symbol pin or wire end off connection grid
    ; warning
    @(1805 mils, 7300 mils): Horizontal Wire, length 300 mils
[endpoint_off_grid]: Symbol pin or wire end off connection grid
    ; warning
    @(1805 mils, 7400 mils): Symbol MoTeC LTCDB1 Pin 1 [GND, Input, Line]
[endpoint_off_grid]: Symbol pin or wire end off connection grid
    ; warning
    @(1805 mils, 7500 mils): Symbol #PWR02 Hidden pin  [GND, Power input, Line]
[endpoint_off_grid]: Symbol pin or wire end off connection grid
    ; warning
    @(1805 mils, 7500 mils): Vertical Wire, length 100 mils
[lib_symbol_issues]: The current configuration does not include the symbol library 'Dyno Harness 2026-altium-import'
    ; warning
    @(1805 mils, 7500 mils): Symbol #PWR02 [GND_POWER_GROUND]
[endpoint_off_grid]: Symbol pin or wire end off connection grid
    ; warning
    @(1905 mils, 7000 mils): Horizontal Wire, length 100 mils
[endpoint_off_grid]: Symbol pin or wire end off connection grid
    ; warning
    @(1905 mils, 7200 mils): Vertical Wire, length 200 mils
[endpoint_off_grid]: Symbol pin or wire end off connection grid
    ; warning
    @(1905 mils, 8600 mils): Vertical Wire, length 400 mils
[endpoint_off_grid]: Symbol pin or wire end off connection grid
    ; warning
    @(1905 mils, 9100 mils): Horizontal Wire, length 100 mils
[endpoint_off_grid]: Symbol pin or wire end off connection grid
    ; warning
    @(1905 mils, 9300 mils): Symbol U1 Pin 1 [GND, Passive, Line]
[endpoint_off_grid]: Symbol pin or wire end off connection grid
    ; warning
    @(1905 mils, 9500 mils): Vertical Wire, length 200 mils
[unconnected_wire_endpoint]: Unconnected wire endpoint
    ; warning
    @(2000 mils, 4000 mils): Horizontal Wire, length 100 mils
[endpoint_off_grid]: Symbol pin or wire end off connection grid
    ; warning
    @(2005 mils, 1700 mils): Horizontal Wire, length 100 mils
[endpoint_off_grid]: Symbol pin or wire end off connection grid
    ; warning
    @(2005 mils, 1900 mils): Horizontal Wire, length 100 mils
[endpoint_off_grid]: Symbol pin or wire end off connection grid
    ; warning
    @(2005 mils, 5000 mils): Horizontal Wire, length 400 mils
[endpoint_off_grid]: Symbol pin or wire end off connection grid
    ; warning
    @(2005 mils, 5100 mils): Horizontal Wire, length 455 mils
[endpoint_off_grid]: Symbol pin or wire end off connection grid
    ; warning
    @(2005 mils, 5200 mils): Symbol TB1 Pin 3 [POT_+, Passive, Line]
[endpoint_off_grid]: Symbol pin or wire end off connection grid
    ; warning
    @(2005 mils, 5200 mils): Horizontal Wire, length 455 mils
[endpoint_off_grid]: Symbol pin or wire end off connection grid
    ; warning
    @(2005 mils, 5300 mils): Horizontal Wire, length 400 mils
[endpoint_off_grid]: Symbol pin or wire end off connection grid
    ; warning
    @(2005 mils, 5400 mils): Horizontal Wire, length 100 mils
[endpoint_off_grid]: Symbol pin or wire end off connection grid
    ; warning
    @(2005 mils, 5800 mils): Vertical Wire, length 300 mils
[endpoint_off_grid]: Symbol pin or wire end off connection grid
    ; warning
    @(2005 mils, 8900 mils): Horizontal Wire, length 100 mils
[endpoint_off_grid]: Symbol pin or wire end off connection grid
    ; warning
    @(2005 mils, 9100 mils): Vertical Wire, length 200 mils
[endpoint_off_grid]: Symbol pin or wire end off connection grid
    ; warning
    @(2105 mils, 1700 mils): Vertical Wire, length 100 mils
[endpoint_off_grid]: Symbol pin or wire end off connection grid
    ; warning
    @(2105 mils, 1800 mils): Symbol IGN1 Pin 1_1 [IGN1, Passive, Line]
[endpoint_off_grid]: Symbol pin or wire end off connection grid
    ; warning
    @(2105 mils, 5400 mils): Vertical Wire, length 200 mils
[endpoint_off_grid]: Symbol pin or wire end off connection grid
    ; warning
    @(2105 mils, 5600 mils): Horizontal Wire, length 100 mils
[lib_symbol_issues]: The current configuration does not include the symbol library 'Dyno Harness 2026-altium-import'
    ; warning
    @(2300 mils, 4600 mils): Symbol #PWR03 [GND_POWER_GROUND]
[endpoint_off_grid]: Symbol pin or wire end off connection grid
    ; warning
    @(2405 mils, 4900 mils): Horizontal Wire, length 55 mils
[endpoint_off_grid]: Symbol pin or wire end off connection grid
    ; warning
    @(2405 mils, 5000 mils): Vertical Wire, length 100 mils
[endpoint_off_grid]: Symbol pin or wire end off connection grid
    ; warning
    @(2405 mils, 5300 mils): Vertical Wire, length 100 mils
[endpoint_off_grid]: Symbol pin or wire end off connection grid
    ; warning
    @(2405 mils, 5400 mils): Horizontal Wire, length 55 mils
[lib_symbol_issues]: The current configuration does not include the symbol library 'Duke Motorsports'
    ; warning
    @(2505 mils, 2700 mils): Symbol INJ1 [Injector]
[lib_symbol_issues]: The current configuration does not include the symbol library 'Duke Motorsports'
    ; warning
    @(2505 mils, 3200 mils): Symbol INJ2 [Injector]
[lib_symbol_issues]: The current configuration does not include the symbol library 'Duke Motorsports'
    ; warning
    @(2605 mils, 2000 mils): Symbol IGN1 [MoTeC IGN4]
[unconnected_wire_endpoint]: Unconnected wire endpoint
    ; warning
    @(2100 mils, 4000 mils): Horizontal Wire, length 800 mils
[endpoint_off_grid]: Symbol pin or wire end off connection grid
    ; warning
    @(2100 mils, 3700 mils): Horizontal Wire, length 805 mils
[endpoint_off_grid]: Symbol pin or wire end off connection grid
    ; warning
    @(2905 mils, 4000 mils): Vertical Wire, length 200 mils
[unconnected_wire_endpoint]: Unconnected wire endpoint
    ; warning
    @(2905 mils, 4000 mils): Vertical Wire, length 200 mils
[endpoint_off_grid]: Symbol pin or wire end off connection grid
    ; warning
    @(2905 mils, 4200 mils): Symbol IGNC2 Pin 2 [2, Passive, Line]
[endpoint_off_grid]: Symbol pin or wire end off connection grid
    ; warning
    @(3005 mils, 2700 mils): Horizontal Wire, length 700 mils
[endpoint_off_grid]: Symbol pin or wire end off connection grid
    ; warning
    @(3005 mils, 2700 mils): Symbol INJ1 Pin 1 [1, Passive, Line]
[endpoint_off_grid]: Symbol pin or wire end off connection grid
    ; warning
    @(3005 mils, 3200 mils): Symbol INJ2 Pin 1 [1, Passive, Line]
[endpoint_off_grid]: Symbol pin or wire end off connection grid
    ; warning
    @(3005 mils, 3200 mils): Horizontal Wire, length 700 mils
[lib_symbol_issues]: The current configuration does not include the symbol library 'Duke Motorsports'
    ; warning
    @(3205 mils, 3700 mils): Symbol IGNC1 [Ignition Coil]
[lib_symbol_issues]: The current configuration does not include the symbol library 'Duke Motorsports'
    ; warning
    @(3205 mils, 4200 mils): Symbol IGNC2 [Ignition Coil]
[endpoint_off_grid]: Symbol pin or wire end off connection grid
    ; warning
    @(3705 mils, 2600 mils): Vertical Wire, length 100 mils
[endpoint_off_grid]: Symbol pin or wire end off connection grid
    ; warning
    @(3705 mils, 2700 mils): Vertical Wire, length 500 mils
[endpoint_off_grid]: Symbol pin or wire end off connection grid
    ; warning
    @(3705 mils, 3200 mils): Vertical Wire, length 500 mils
[endpoint_off_grid]: Symbol pin or wire end off connection grid
    ; warning
    @(3705 mils, 3700 mils): Symbol IGNC1 Pin 1 [1, Passive, Line]
[endpoint_off_grid]: Symbol pin or wire end off connection grid
    ; warning
    @(3705 mils, 3700 mils): Vertical Wire, length 500 mils
[endpoint_off_grid]: Symbol pin or wire end off connection grid
    ; warning
    @(3805 mils, 7000 mils): Symbol MoTeC LTCDA1 Pin 1 [lp, Passive, Line]
[endpoint_off_grid]: Symbol pin or wire end off connection grid
    ; warning
    @(3805 mils, 7000 mils): Symbol L1 Pin 1 [lp, Input, Line]
[lib_symbol_issues]: The current configuration does not include the symbol library 'Duke Motorsports'
    ; warning
    @(3805 mils, 7000 mils): Symbol L1 [LTCD-A-Symbol-1]
[lib_symbol_issues]: The current configuration does not include the symbol library 'Duke Motorsports'
    ; warning
    @(3805 mils, 7000 mils): Symbol MoTeC LTCDA1 [LTCD-A-Symbol-1]
[lib_symbol_issues]: The current configuration does not include the symbol library 'Duke Motorsports'
    ; warning
    @(4105 mils, 2400 mils): Symbol Crankshaft Pos1 [Crankshaft Position Sensor (INTERN...]
[lib_symbol_issues]: The current configuration does not include the symbol library 'Duke Motorsports'
    ; warning
    @(4105 mils, 3000 mils): Symbol Coolant Temp1 [Coolant Temperature Sensor]
[endpoint_off_grid]: Symbol pin or wire end off connection grid
    ; warning
    @(5005 mils, 2400 mils): Symbol Crankshaft Pos1 Pin 1 [VCC, Power input, Line]
[endpoint_off_grid]: Symbol pin or wire end off connection grid
    ; warning
    @(5005 mils, 2600 mils): Vertical Wire, length 100 mils
[endpoint_off_grid]: Symbol pin or wire end off connection grid
    ; warning
    @(5005 mils, 3000 mils): Symbol Coolant Temp1 Pin 1 [VCC, Power input, Line]
[endpoint_off_grid]: Symbol pin or wire end off connection grid
    ; warning
    @(5005 mils, 3300 mils): Vertical Wire, length 200 mils
[endpoint_off_grid]: Symbol pin or wire end off connection grid
    ; warning
    @(5005 mils, 3700 mils): Symbol Knock1 Pin  [GND, Passive, Line]
[lib_symbol_issues]: The current configuration does not include the symbol library 'Duke Motorsports'
    ; warning
    @(5005 mils, 3800 mils): Symbol Knock1 [Knok Sensor-Symbol-1]
[endpoint_off_grid]: Symbol pin or wire end off connection grid
    ; warning
    @(5005 mils, 4400 mils): Symbol Knock2 Pin  [GND, Passive, Line]
[lib_symbol_issues]: The current configuration does not include the symbol library 'Duke Motorsports'
    ; warning
    @(5005 mils, 4500 mils): Symbol Knock2 [Knok Sensor-Symbol-1]
[lib_symbol_issues]: The current configuration does not include the symbol library 'Duke Motorsports'
    ; warning
    @(5100 mils, 1700 mils): Symbol Camshaft Position1 [CAM-Symbol-1]
[endpoint_off_grid]: Symbol pin or wire end off connection grid
    ; warning
    @(5105 mils, 2400 mils): Horizontal Wire, length 100 mils
[endpoint_off_grid]: Symbol pin or wire end off connection grid
    ; warning
    @(5105 mils, 2600 mils): Horizontal Wire, length 100 mils
[endpoint_off_grid]: Symbol pin or wire end off connection grid
    ; warning
    @(5105 mils, 3000 mils): Horizontal Wire, length 100 mils
[endpoint_off_grid]: Symbol pin or wire end off connection grid
    ; warning
    @(5105 mils, 3300 mils): Horizontal Wire, length 100 mils
[endpoint_off_grid]: Symbol pin or wire end off connection grid
    ; warning
    @(5305 mils, 8700 mils): Vertical Wire, length 100 mils
[endpoint_off_grid]: Symbol pin or wire end off connection grid
    ; warning
    @(5305 mils, 9000 mils): Horizontal Wire, length 100 mils
[endpoint_off_grid]: Symbol pin or wire end off connection grid
    ; warning
    @(5305 mils, 9100 mils): Symbol ECU_ETH1 Pin RX- [RX-, Bidirectional, Line]
[lib_symbol_issues]: The current configuration does not include the symbol library 'Duke Motorsports'
    ; warning
    @(5305 mils, 9100 mils): Symbol ECU_ETH1 [ETH-Symbol-1]
[endpoint_off_grid]: Symbol pin or wire end off connection grid
    ; warning
    @(5305 mils, 9300 mils): Vertical Wire, length 200 mils
[endpoint_off_grid]: Symbol pin or wire end off connection grid
    ; warning
    @(5305 mils, 9800 mils): Vertical Wire, length 100 mils
[endpoint_off_grid]: Symbol pin or wire end off connection grid
    ; warning
    @(5305 mils, 10100 mils): Horizontal Wire, length 100 mils
[endpoint_off_grid]: Symbol pin or wire end off connection grid
    ; warning
    @(5305 mils, 10200 mils): Symbol DASH_ETH1 Pin RX- [RX-, Bidirectional, Line]
[lib_symbol_issues]: The current configuration does not include the symbol library 'Duke Motorsports'
    ; warning
    @(5305 mils, 10200 mils): Symbol DASH_ETH1 [ETH-Symbol-1]
[endpoint_off_grid]: Symbol pin or wire end off connection grid
    ; warning
    @(5305 mils, 10400 mils): Vertical Wire, length 200 mils
[endpoint_off_grid]: Symbol pin or wire end off connection grid
    ; warning
    @(5405 mils, 9000 mils): Vertical Wire, length 100 mils
[endpoint_off_grid]: Symbol pin or wire end off connection grid
    ; warning
    @(5405 mils, 9100 mils): Horizontal Wire, length 100 mils
[endpoint_off_grid]: Symbol pin or wire end off connection grid
    ; warning
    @(5405 mils, 10100 mils): Vertical Wire, length 100 mils
[endpoint_off_grid]: Symbol pin or wire end off connection grid
    ; warning
    @(5405 mils, 10200 mils): Horizontal Wire, length 100 mils
[endpoint_off_grid]: Symbol pin or wire end off connection grid
    ; warning
    @(5505 mils, 8700 mils): Horizontal Wire, length 200 mils
[endpoint_off_grid]: Symbol pin or wire end off connection grid
    ; warning
    @(5505 mils, 8900 mils): Horizontal Wire, length 200 mils
[endpoint_off_grid]: Symbol pin or wire end off connection grid
    ; warning
    @(5505 mils, 9300 mils): Horizontal Wire, length 200 mils
[endpoint_off_grid]: Symbol pin or wire end off connection grid
    ; warning
    @(5505 mils, 9800 mils): Horizontal Wire, length 200 mils
[endpoint_off_grid]: Symbol pin or wire end off connection grid
    ; warning
    @(5505 mils, 10000 mils): Horizontal Wire, length 200 mils
[endpoint_off_grid]: Symbol pin or wire end off connection grid
    ; warning
    @(5505 mils, 10400 mils): Horizontal Wire, length 200 mils
[lib_symbol_issues]: The current configuration does not include the symbol library 'Duke Motorsports'
    ; warning
    @(5705 mils, 3200 mils): Symbol Oil Temperature1 [Oil Temperature]
[endpoint_off_grid]: Symbol pin or wire end off connection grid
    ; warning
    @(5705 mils, 7000 mils): Horizontal Wire, length 100 mils
[endpoint_off_grid]: Symbol pin or wire end off connection grid
    ; warning
    @(5705 mils, 7000 mils): Symbol L2 Pin 1 [lp, Input, Line]
[lib_symbol_issues]: The current configuration does not include the symbol library 'Duke Motorsports'
    ; warning
    @(5705 mils, 7000 mils): Symbol L2 [LTCD-A-Symbol-1]
[endpoint_off_grid]: Symbol pin or wire end off connection grid
    ; warning
    @(5705 mils, 7100 mils): Horizontal Wire, length 100 mils
[endpoint_off_grid]: Symbol pin or wire end off connection grid
    ; warning
    @(5705 mils, 7200 mils): Horizontal Wire, length 100 mils
[endpoint_off_grid]: Symbol pin or wire end off connection grid
    ; warning
    @(5705 mils, 7300 mils): Horizontal Wire, length 100 mils
[endpoint_off_grid]: Symbol pin or wire end off connection grid
    ; warning
    @(5705 mils, 7400 mils): Horizontal Wire, length 100 mils
[endpoint_off_grid]: Symbol pin or wire end off connection grid
    ; warning
    @(5705 mils, 7500 mils): Horizontal Wire, length 100 mils
[endpoint_off_grid]: Symbol pin or wire end off connection grid
    ; warning
    @(5805 mils, 7000 mils): Symbol MoTeC LTCDA2 Pin 1 [lp, Passive, Line]
[lib_symbol_issues]: The current configuration does not include the symbol library 'Duke Motorsports'
    ; warning
    @(5805 mils, 7000 mils): Symbol MoTeC LTCDA2 [LTCD-B-Symbol-1]
[lib_symbol_issues]: The current configuration does not include the symbol library 'Duke Motorsports'
    ; warning
    @(6305 mils, 2500 mils): Symbol Oil Pressure1 [PS-150 Pressure Sensor]
[endpoint_off_grid]: Symbol pin or wire end off connection grid
    ; warning
    @(6605 mils, 2200 mils): Vertical Wire, length 200 mils
[endpoint_off_grid]: Symbol pin or wire end off connection grid
    ; warning
    @(6605 mils, 2600 mils): Symbol Oil Pressure1 Pin C [V_OUT, Passive, Line]
[endpoint_off_grid]: Symbol pin or wire end off connection grid
    ; warning
    @(6605 mils, 2800 mils): Vertical Wire, length 200 mils
[endpoint_off_grid]: Symbol pin or wire end off connection grid
    ; warning
    @(6605 mils, 3200 mils): Symbol Oil Temperature1 Pin 2 [VCC, Passive, Line]
[endpoint_off_grid]: Symbol pin or wire end off connection grid
    ; warning
    @(6605 mils, 3400 mils): Vertical Wire, length 100 mils
[endpoint_off_grid]: Symbol pin or wire end off connection grid
    ; warning
    @(6705 mils, 2200 mils): Horizontal Wire, length 100 mils
[endpoint_off_grid]: Symbol pin or wire end off connection grid
    ; warning
    @(6705 mils, 2500 mils): Horizontal Wire, length 100 mils
[endpoint_off_grid]: Symbol pin or wire end off connection grid
    ; warning
    @(6705 mils, 2800 mils): Horizontal Wire, length 100 mils
[endpoint_off_grid]: Symbol pin or wire end off connection grid
    ; warning
    @(6705 mils, 3200 mils): Horizontal Wire, length 100 mils
[endpoint_off_grid]: Symbol pin or wire end off connection grid
    ; warning
    @(6705 mils, 3400 mils): Horizontal Wire, length 100 mils
[endpoint_off_grid]: Symbol pin or wire end off connection grid
    ; warning
    @(7305 mils, 9100 mils): Symbol #PWR04 Hidden pin  [GND, Power input, Line]
[lib_symbol_issues]: The current configuration does not include the symbol library 'Dyno Harness 2026-altium-import'
    ; warning
    @(7305 mils, 9100 mils): Symbol #PWR04 [GND_POWER_GROUND]
[endpoint_off_grid]: Symbol pin or wire end off connection grid
    ; warning
    @(7805 mils, 9000 mils): Vertical Wire, length 100 mils
[endpoint_off_grid]: Symbol pin or wire end off connection grid
    ; warning
    @(7805 mils, 9100 mils): Symbol T1 Pin 1 [+12V_input, Input, Line]
[endpoint_off_grid]: Symbol pin or wire end off connection grid
    ; warning
    @(7805 mils, 9600 mils): Vertical Wire, length 100 mils
[endpoint_off_grid]: Symbol pin or wire end off connection grid
    ; warning
    @(7905 mils, 9000 mils): Horizontal Wire, length 100 mils
[lib_symbol_issues]: The current configuration does not include the symbol library 'Duke Motorsports'
    ; warning
    @(7905 mils, 9100 mils): Symbol T1 [TFORM-4]
[lib_symbol_issues]: The current configuration does not include the symbol library 'Duke Motorsports'
    ; warning
    @(8205 mils, 6700 mils): Symbol TS1 [Exhaust Pressure Sensor-Symbol-1]
[lib_symbol_issues]: The current configuration does not include the symbol library 'Duke Motorsports'
    ; warning
    @(8205 mils, 7500 mils): Symbol TS2 [Exhaust Pressure Sensor-Symbol-1]
[endpoint_off_grid]: Symbol pin or wire end off connection grid
    ; warning
    @(8805 mils, 1700 mils): Horizontal Wire, length 900 mils
[lib_symbol_issues]: The current configuration does not include the symbol library 'Duke Motorsports'
    ; warning
    @(8805 mils, 2100 mils): Symbol A1 [Alternator]
[endpoint_off_grid]: Symbol pin or wire end off connection grid
    ; warning
    @(8805 mils, 2500 mils): Symbol A1 Pin 2 [AC_2, Passive, Line]
[endpoint_off_grid]: Symbol pin or wire end off connection grid
    ; warning
    @(8805 mils, 2500 mils): Horizontal Wire, length 800 mils
[endpoint_off_grid]: Symbol pin or wire end off connection grid
    ; warning
    @(8805 mils, 5300 mils): Horizontal Wire, length 100 mils
[endpoint_off_grid]: Symbol pin or wire end off connection grid
    ; warning
    @(9105 mils, 3700 mils): Horizontal Wire, length 200 mils
[endpoint_off_grid]: Symbol pin or wire end off connection grid
    ; warning
    @(9105 mils, 6500 mils): Vertical Wire, length 200 mils
[endpoint_off_grid]: Symbol pin or wire end off connection grid
    ; warning
    @(9105 mils, 6900 mils): Symbol TS1 Pin 1 [VOUT, Passive, Line]
[endpoint_off_grid]: Symbol pin or wire end off connection grid
    ; warning
    @(9105 mils, 7100 mils): Vertical Wire, length 200 mils
[endpoint_off_grid]: Symbol pin or wire end off connection grid
    ; warning
    @(9105 mils, 7400 mils): Vertical Wire, length 100 mils
[endpoint_off_grid]: Symbol pin or wire end off connection grid
    ; warning
    @(9105 mils, 7700 mils): Symbol TS2 Pin 1 [VOUT, Passive, Line]
[endpoint_off_grid]: Symbol pin or wire end off connection grid
    ; warning
    @(9105 mils, 7800 mils): Vertical Wire, length 100 mils
[lib_symbol_issues]: The current configuration does not include the symbol library 'Duke Motorsports'
    ; warning
    @(9205 mils, 5300 mils): Symbol S2 [S SYDIEN Universal Headlight Switc...]
[endpoint_off_grid]: Symbol pin or wire end off connection grid
    ; warning
    @(9205 mils, 6800 mils): Horizontal Wire, length 100 mils
[endpoint_off_grid]: Symbol pin or wire end off connection grid
    ; warning
    @(9205 mils, 7600 mils): Horizontal Wire, length 100 mils
[endpoint_off_grid]: Symbol pin or wire end off connection grid
    ; warning
    @(9505 mils, 5300 mils): Horizontal Wire, length 200 mils
[endpoint_off_grid]: Symbol pin or wire end off connection grid
    ; warning
    @(9505 mils, 5300 mils): Symbol S2 Pin 2 [2, Passive, Line]
[endpoint_off_grid]: Symbol pin or wire end off connection grid
    ; warning
    @(9605 mils, 2100 mils): Horizontal Wire, length 100 mils
[endpoint_off_grid]: Symbol pin or wire end off connection grid
    ; warning
    @(9605 mils, 2500 mils): Vertical Wire, length 400 mils
[lib_symbol_issues]: The current configuration does not include the symbol library 'Duke Motorsports'
    ; warning
    @(9605 mils, 3900 mils): Symbol RS1 [iRhapsody 39122300]
[endpoint_off_grid]: Symbol pin or wire end off connection grid
    ; warning
    @(9705 mils, 1700 mils): Symbol DBR1 Pin 1 [AC_1, Passive, Line]
[endpoint_off_grid]: Symbol pin or wire end off connection grid
    ; warning
    @(9705 mils, 5300 mils): Symbol P1 Pin 1 [VCC, Passive, Line]
[endpoint_off_grid]: Symbol pin or wire end off connection grid
    ; warning
    @(9905 mils, 3700 mils): Horizontal Wire, length 500 mils
[endpoint_off_grid]: Symbol pin or wire end off connection grid
    ; warning
    @(9905 mils, 3700 mils): Symbol RS1 Pin 87 [NO, Passive, Line]
[endpoint_off_grid]: Symbol pin or wire end off connection grid
    ; warning
    @(9905 mils, 4200 mils): Vertical Wire, length 200 mils
[lib_symbol_issues]: The current configuration does not include the symbol library 'Duke Motorsports'
    ; warning
    @(10105 mils, 1900 mils): Symbol DBR1 [Diode Bridge Rectifier]
[endpoint_off_grid]: Symbol pin or wire end off connection grid
    ; warning
    @(10105 mils, 4200 mils): Horizontal Wire, length 200 mils
[endpoint_off_grid]: Symbol pin or wire end off connection grid
    ; warning
    @(10105 mils, 4200 mils): Symbol #PWR05 Hidden pin  [GND, Power input, Line]
[lib_symbol_issues]: The current configuration does not include the symbol library 'Dyno Harness 2026-altium-import'
    ; warning
    @(10105 mils, 4200 mils): Symbol #PWR05 [GND_POWER_GROUND]
[lib_symbol_issues]: The current configuration does not include the symbol library 'Duke Motorsports'
    ; warning
    @(10105 mils, 5300 mils): Symbol P1 [Fuel Pump]
[lib_symbol_issues]: The current configuration does not include the symbol library 'Duke Motorsports'
    ; warning
    @(10305 mils, 7100 mils): Symbol EPS1 [Exhaust Pressure Sensor-Symbol-1]
[endpoint_off_grid]: Symbol pin or wire end off connection grid
    ; warning
    @(10405 mils, 3700 mils): Symbol MS1 Pin 1 [VCC, Passive, Line]
[endpoint_off_grid]: Symbol pin or wire end off connection grid
    ; warning
    @(10505 mils, 5300 mils): Horizontal Wire, length 100 mils
[endpoint_off_grid]: Symbol pin or wire end off connection grid
    ; warning
    @(10605 mils, 1900 mils): Horizontal Wire, length 100 mils
[endpoint_off_grid]: Symbol pin or wire end off connection grid
    ; warning
    @(10605 mils, 2300 mils): Symbol #PWR06 Hidden pin  [GND, Power input, Line]
[endpoint_off_grid]: Symbol pin or wire end off connection grid
    ; warning
    @(10605 mils, 2300 mils): Vertical Wire, length 100 mils
[lib_symbol_issues]: The current configuration does not include the symbol library 'Dyno Harness 2026-altium-import'
    ; warning
    @(10605 mils, 2300 mils): Symbol #PWR06 [GND_POWER_GROUND]
[endpoint_off_grid]: Symbol pin or wire end off connection grid
    ; warning
    @(10605 mils, 5300 mils): Vertical Wire, length 200 mils
[endpoint_off_grid]: Symbol pin or wire end off connection grid
    ; warning
    @(10605 mils, 5500 mils): Symbol #PWR07 Hidden pin  [GND, Power input, Line]
[lib_symbol_issues]: The current configuration does not include the symbol library 'Dyno Harness 2026-altium-import'
    ; warning
    @(10605 mils, 5500 mils): Symbol #PWR07 [GND_POWER_GROUND]
[endpoint_off_grid]: Symbol pin or wire end off connection grid
    ; warning
    @(10605 mils, 9300 mils): Horizontal Wire, length 200 mils
[endpoint_off_grid]: Symbol pin or wire end off connection grid
    ; warning
    @(10705 mils, 1600 mils): Horizontal Wire, length 600 mils
[endpoint_off_grid]: Symbol pin or wire end off connection grid
    ; warning
    @(10705 mils, 1900 mils): Vertical Wire, length 300 mils
[lib_symbol_issues]: The current configuration does not include the symbol library 'Duke Motorsports'
    ; warning
    @(10805 mils, 3700 mils): Symbol MS1 [Motor]
[endpoint_off_grid]: Symbol pin or wire end off connection grid
    ; warning
    @(10805 mils, 9000 mils): Vertical Wire, length 200 mils
[endpoint_off_grid]: Symbol pin or wire end off connection grid
    ; warning
    @(10805 mils, 9300 mils): Symbol SM3 Pin 1 [VCC, Passive, Line]
[endpoint_off_grid]: Symbol pin or wire end off connection grid
    ; warning
    @(10805 mils, 9400 mils): Vertical Wire, length 300 mils
[endpoint_off_grid]: Symbol pin or wire end off connection grid
    ; warning
    @(10805 mils, 9700 mils): Symbol #PWR08 Hidden pin  [GND, Power input, Line]
[endpoint_off_grid]: Symbol pin or wire end off connection grid
    ; warning
    @(10805 mils, 9700 mils): Symbol #PWR09 Hidden pin  [GND, Power input, Line]
[lib_symbol_issues]: The current configuration does not include the symbol library 'Dyno Harness 2026-altium-import'
    ; warning
    @(10805 mils, 9700 mils): Symbol #PWR08 [GND_POWER_GROUND]
[lib_symbol_issues]: The current configuration does not include the symbol library 'Dyno Harness 2026-altium-import'
    ; warning
    @(10805 mils, 9700 mils): Symbol #PWR09 [GND_POWER_GROUND]
[lib_symbol_issues]: The current configuration does not include the symbol library 'Duke Motorsports'
    ; warning
    @(11105 mils, 9400 mils): Symbol SM3 [DS3235SG]
[endpoint_off_grid]: Symbol pin or wire end off connection grid
    ; warning
    @(11205 mils, 4000 mils): Symbol #PWR010 Hidden pin  [GND, Power input, Line]
[endpoint_off_grid]: Symbol pin or wire end off connection grid
    ; warning
    @(11205 mils, 4000 mils): Vertical Wire, length 300 mils
[lib_symbol_issues]: The current configuration does not include the symbol library 'Dyno Harness 2026-altium-import'
    ; warning
    @(11205 mils, 4000 mils): Symbol #PWR010 [GND_POWER_GROUND]
[endpoint_off_grid]: Symbol pin or wire end off connection grid
    ; warning
    @(11205 mils, 7000 mils): Vertical Wire, length 100 mils
[endpoint_off_grid]: Symbol pin or wire end off connection grid
    ; warning
    @(11205 mils, 7300 mils): Symbol EPS1 Pin 1 [VOUT, Passive, Line]
[endpoint_off_grid]: Symbol pin or wire end off connection grid
    ; warning
    @(11205 mils, 7400 mils): Vertical Wire, length 100 mils
[endpoint_off_grid]: Symbol pin or wire end off connection grid
    ; warning
    @(11305 mils, 1600 mils): Horizontal Wire, length 200 mils
[endpoint_off_grid]: Symbol pin or wire end off connection grid
    ; warning
    @(11305 mils, 1600 mils): Vertical Wire, length 100 mils
[endpoint_off_grid]: Symbol pin or wire end off connection grid
    ; warning
    @(11305 mils, 1700 mils): Symbol BATTERY1 Pin 1 [+, Passive, Line]
[lib_symbol_issues]: The current configuration does not include the symbol library 'Duke Motorsports'
    ; warning
    @(11305 mils, 2000 mils): Symbol BATTERY1 [Car Battery]
[endpoint_off_grid]: Symbol pin or wire end off connection grid
    ; warning
    @(11305 mils, 2300 mils): Symbol #PWR011 Hidden pin  [GND, Power input, Line]
[lib_symbol_issues]: The current configuration does not include the symbol library 'Dyno Harness 2026-altium-import'
    ; warning
    @(11305 mils, 2300 mils): Symbol #PWR011 [GND_POWER_GROUND]
[endpoint_off_grid]: Symbol pin or wire end off connection grid
    ; warning
    @(11305 mils, 7000 mils): Horizontal Wire, length 100 mils
[endpoint_off_grid]: Symbol pin or wire end off connection grid
    ; warning
    @(11305 mils, 7200 mils): Horizontal Wire, length 100 mils
[endpoint_off_grid]: Symbol pin or wire end off connection grid
    ; warning
    @(11305 mils, 7400 mils): Horizontal Wire, length 100 mils
[lib_symbol_issues]: The current configuration does not include the symbol library 'Duke Motorsports'
    ; warning
    @(11805 mils, 1600 mils): Symbol S1 [S SYDIEN Universal Headlight Switc...]
[endpoint_off_grid]: Symbol pin or wire end off connection grid
    ; warning
    @(11905 mils, 5300 mils): Symbol F1 Pin 1 [VCC, Passive, Line]
[endpoint_off_grid]: Symbol pin or wire end off connection grid
    ; warning
    @(12005 mils, 3300 mils): Horizontal Wire, length 100 mils
[endpoint_off_grid]: Symbol pin or wire end off connection grid
    ; warning
    @(12105 mils, 1600 mils): Symbol S1 Pin 2 [2, Passive, Line]
[endpoint_off_grid]: Symbol pin or wire end off connection grid
    ; warning
    @(12105 mils, 1600 mils): Horizontal Wire, length 200 mils
[endpoint_off_grid]: Symbol pin or wire end off connection grid
    ; warning
    @(12105 mils, 3300 mils): Vertical Wire, length 400 mils
[lib_symbol_issues]: The current configuration does not include the symbol library 'Simulation Generic Components'
    ; warning
    @(12105 mils, 3700 mils): Symbol Starter Switch1 [SPDT Relay]
[endpoint_off_grid]: Symbol pin or wire end off connection grid
    ; warning
    @(12305 mils, 1600 mils): Vertical Wire, length 400 mils
[lib_symbol_issues]: The current configuration does not include the symbol library 'Duke Motorsports'
    ; warning
    @(12305 mils, 5300 mils): Symbol F1 [Radiator Fan]
[endpoint_off_grid]: Symbol pin or wire end off connection grid
    ; warning
    @(12705 mils, 3700 mils): Symbol Starter Switch1 Pin 2 [2, Passive, Line]
[endpoint_off_grid]: Symbol pin or wire end off connection grid
    ; warning
    @(12705 mils, 5300 mils): Horizontal Wire, length 100 mils
[endpoint_off_grid]: Symbol pin or wire end off connection grid
    ; warning
    @(12705 mils, 8600 mils): Horizontal Wire, length 55 mils
[endpoint_off_grid]: Symbol pin or wire end off connection grid
    ; warning
    @(12705 mils, 8800 mils): Vertical Wire, length 200 mils
[endpoint_off_grid]: Symbol pin or wire end off connection grid
    ; warning
    @(12705 mils, 8900 mils): Horizontal Wire, length 55 mils
[endpoint_off_grid]: Symbol pin or wire end off connection grid
    ; warning
    @(12705 mils, 9000 mils): Symbol RPS1 Pin 1 [VCC, Passive, Line]
[endpoint_off_grid]: Symbol pin or wire end off connection grid
    ; warning
    @(12705 mils, 9000 mils): Vertical Wire, length 200 mils
[endpoint_off_grid]: Symbol pin or wire end off connection grid
    ; warning
    @(12705 mils, 9200 mils): Horizontal Wire, length 55 mils
[endpoint_off_grid]: Symbol pin or wire end off connection grid
    ; warning
    @(12805 mils, 5300 mils): Vertical Wire, length 100 mils
[endpoint_off_grid]: Symbol pin or wire end off connection grid
    ; warning
    @(12805 mils, 5400 mils): Symbol #PWR012 Hidden pin  [GND, Power input, Line]
[lib_symbol_issues]: The current configuration does not include the symbol library 'Dyno Harness 2026-altium-import'
    ; warning
    @(12805 mils, 5400 mils): Symbol #PWR012 [GND_POWER_GROUND]
[lib_symbol_issues]: The current configuration does not include the symbol library 'Duke Motorsports'
    ; warning
    @(13005 mils, 8900 mils): Symbol RPS1 [Rotary Position Sensor]
[endpoint_off_grid]: Symbol pin or wire end off connection grid
    ; warning
    @(13105 mils, 9600 mils): Horizontal Wire, length 200 mils
[endpoint_off_grid]: Symbol pin or wire end off connection grid
    ; warning
    @(13105 mils, 9700 mils): Symbol SM1 Pin 1 [VCC, Passive, Line]
[endpoint_off_grid]: Symbol pin or wire end off connection grid
    ; warning
    @(13105 mils, 9800 mils): Horizontal Wire, length 155 mils
[lib_symbol_issues]: The current configuration does not include the symbol library 'Duke Motorsports'
    ; warning
    @(13405 mils, 9800 mils): Symbol SM1 [DS3235SG]
[endpoint_off_grid]: Symbol pin or wire end off connection grid
    ; warning
    @(14005 mils, 9100 mils): Symbol SW2 Pin 2 [COM, Passive, Line]
[endpoint_off_grid]: Symbol pin or wire end off connection grid
    ; warning
    @(14205 mils, 8400 mils): Symbol SW1 Pin 2 [COM, Passive, Line]
[footprint_link_issues]: The current configuration does not include the footprint library ''
    ; warning
    @(14205 mils, 9000 mils): Symbol SW2 [SW-SPDT-3_B]
[lib_symbol_issues]: The current configuration does not include the symbol library 'Duke Motorsports'
    ; warning
    @(14205 mils, 9000 mils): Symbol SW2 [SW-SPDT-3_B]
[footprint_link_issues]: The current configuration does not include the footprint library ''
    ; warning
    @(14405 mils, 8300 mils): Symbol SW1 [SW-SPDT-3_B]
[lib_symbol_issues]: The current configuration does not include the symbol library 'Duke Motorsports'
    ; warning
    @(14405 mils, 8300 mils): Symbol SW1 [SW-SPDT-3_B]
[endpoint_off_grid]: Symbol pin or wire end off connection grid
    ; warning
    @(14805 mils, 1500 mils): Symbol R1 Pin 1 [1, Passive, Line]
[endpoint_off_grid]: Symbol pin or wire end off connection grid
    ; warning
    @(14805 mils, 9600 mils): Horizontal Wire, length 200 mils
[endpoint_off_grid]: Symbol pin or wire end off connection grid
    ; warning
    @(14805 mils, 9700 mils): Symbol SM2 Pin 1 [VCC, Passive, Line]
[endpoint_off_grid]: Symbol pin or wire end off connection grid
    ; warning
    @(14805 mils, 9800 mils): Horizontal Wire, length 155 mils
[endpoint_off_grid]: Symbol pin or wire end off connection grid
    ; warning
    @(14905 mils, 8500 mils): Horizontal Wire, length 100 mils
[endpoint_off_grid]: Symbol pin or wire end off connection grid
    ; warning
    @(14905 mils, 9000 mils): Horizontal Wire, length 300 mils
[endpoint_off_grid]: Symbol pin or wire end off connection grid
    ; warning
    @(14905 mils, 9200 mils): Horizontal Wire, length 300 mils
[lib_symbol_issues]: The current configuration does not include the symbol library 'Duke Motorsports'
    ; warning
    @(15105 mils, 1400 mils): Symbol R1 [Terminating Resistor]
[endpoint_off_grid]: Symbol pin or wire end off connection grid
    ; warning
    @(15105 mils, 3100 mils): Vertical Wire, length 100 mils
[endpoint_off_grid]: Symbol pin or wire end off connection grid
    ; warning
    @(15105 mils, 3200 mils): Symbol S3 Pin 2 [2, Passive, Line]
[lib_symbol_issues]: The current configuration does not include the symbol library 'Duke Motorsports'
    ; warning
    @(15105 mils, 3500 mils): Symbol S3 [S SYDIEN Universal Headlight Switc...]
[endpoint_off_grid]: Symbol pin or wire end off connection grid
    ; warning
    @(15105 mils, 3900 mils): Vertical Wire, length 100 mils
[lib_symbol_issues]: The current configuration does not include the symbol library 'Duke Motorsports'
    ; warning
    @(15105 mils, 9800 mils): Symbol SM2 [DS3235SG]
[lib_symbol_issues]: The current configuration does not include the symbol library 'Duke Motorsports'
    ; warning
    @(750 mils, 4500 mils): Symbol J1 [MoTeC M150-C / M130-A - Symbol-1]
[isolated_pin_label]: Label connected to only one pin
    ; warning
    @(2400 mils, 6500 mils): Global Label 'ECU_5V_B'
[lib_symbol_issues]: The current configuration does not include the symbol library 'Dyno Harness 2026-altium-import'
    ; warning
    @(3600 mils, 1100 mils): Symbol #PWR? [GND_POWER_GROUND]
[footprint_link_issues]: The current configuration does not include the footprint library ''
    ; warning
    @(3600 mils, 1600 mils): Symbol R5 [RES-2]
[lib_symbol_issues]: The current configuration does not include the symbol library 'Duke Motorsports'
    ; warning
    @(3600 mils, 1600 mils): Symbol R5 [RES-2]
[lib_symbol_issues]: The current configuration does not include the symbol library 'Duke Motorsports'
    ; warning
    @(5150 mils, 3400 mils): Symbol J2 [MoTec M150-D / M130-B-Symbol-1]
[lib_symbol_issues]: The current configuration does not include the symbol library 'Duke Motorsports'
    ; warning
    @(3000 mils, 5000 mils): Symbol J3 [MoTec PDM Connector A-Symbol-1]
[isolated_pin_label]: Label connected to only one pin
    ; warning
    @(4700 mils, 2000 mils): Global Label 'Gear_1'
[isolated_pin_label]: Label connected to only one pin
    ; warning
    @(4700 mils, 2200 mils): Global Label 'Gear_2'
[isolated_pin_label]: Label connected to only one pin
    ; warning
    @(4700 mils, 2400 mils): Global Label 'Gear_3'
[isolated_pin_label]: Label connected to only one pin
    ; warning
    @(4700 mils, 2600 mils): Global Label 'Gear_4'
[isolated_pin_label]: Label connected to only one pin
    ; warning
    @(4700 mils, 2800 mils): Global Label 'Gear_5'
[isolated_pin_label]: Label connected to only one pin
    ; warning
    @(4700 mils, 3000 mils): Global Label 'Gear_6'
[isolated_pin_label]: Label connected to only one pin
    ; warning
    @(4700 mils, 3400 mils): Global Label 'Gear_neutral'
[lib_symbol_issues]: The current configuration does not include the symbol library 'Duke Motorsports'
    ; warning
    @(8600 mils, 4000 mils): Symbol J4 [MoTec PDM Connector B-Symbol-1]
[lib_symbol_issues]: The current configuration does not include the symbol library 'Duke Motorsports'
    ; warning
    @(12100 mils, 4600 mils): Symbol PDM15/30 Connector C [PDM15_30 Connector C - MoTeC-Symbo...]
[isolated_pin_label]: Label connected to only one pin
    ; warning
    @(12800 mils, 4600 mils): Global Label 'PDM_Power'

***** Sheet /Components/
[pin_not_connected]: Pin not connected
    ; error
    @(1905 mils, 9200 mils): Symbol U1 Pin 3 [VCC, Passive, Line]
[pin_not_connected]: Pin not connected
    ; error
    @(2100 mils, 4000 mils): Symbol IGN1 Pin 2_4 [COIL4, Passive, Line]
[pin_not_connected]: Pin not connected
    ; error
    @(2905 mils, 4200 mils): Symbol IGNC2 Pin 2 [2, Passive, Line]
[power_pin_not_driven]: Input Power pin not driven by any Output Power pins
    ; error
    @(5005 mils, 3000 mils): Symbol Coolant Temp1 Pin 1 [VCC, Power input, Line]
[duplicate_pins]: Pin  on symbol 'Knock1' is connected to different nets: ECU_0V_B and Knock1
    ; error
    @(5005 mils, 3700 mils): Symbol Knock1 Pin  [GND, Passive, Line]
    @(5005 mils, 3900 mils): Symbol Knock1 Pin  [Vout, Passive, Line]
[duplicate_pins]: Pin  on symbol 'Knock2' is connected to different nets: ECU_0V_B and Knock2
    ; error
    @(5005 mils, 4400 mils): Symbol Knock2 Pin  [GND, Passive, Line]
    @(5005 mils, 4600 mils): Symbol Knock2 Pin  [Vout, Passive, Line]
[pin_not_connected]: Pin not connected
    ; error
    @(7305 mils, 9500 mils): Symbol T1 Pin 4 [GND, Passive, Line]
[pin_not_connected]: Pin not connected
    ; error
    @(13105 mils, 9700 mils): Symbol SM1 Pin 1 [VCC, Passive, Line]
[pin_not_connected]: Pin not connected
    ; error
    @(14805 mils, 9700 mils): Symbol SM2 Pin 1 [VCC, Passive, Line]
[no_connect_connected]: A pin with a "no connection" flag is connected
    ; warning
    @(5005 mils, 2400 mils): Symbol Crankshaft Pos1 Pin 1 [VCC, Power input, Line]
    @(5005 mils, 2400 mils): No Connect
[multiple_net_names]: Both PDM POWER and STARTER_POWER are attached to the same items; PDM POWER will be used in the netlist
    ; warning
    @(12305 mils, 1800 mils): Global Label 'PDM POWER'
    @(9105 mils, 3700 mils): Global Label 'STARTER_POWER'

***** Sheet /M130/
[power_pin_not_driven]: Input Power pin not driven by any Output Power pins
    ; error
    @(2300 mils, 6500 mils): Symbol J1 Pin 5V_-_OUT_B [(M130/50)_(A/C)-9, Power input, Line]
[power_pin_not_driven]: Input Power pin not driven by any Output Power pins
    ; error
    @(2300 mils, 7900 mils): Symbol J1 Pin 5V_-_OUT_A [(M130/50)_(A/C)-2, Power input, Line]
[power_pin_not_driven]: Input Power pin not driven by any Output Power pins
    ; error
    @(6700 mils, 4000 mils): Symbol J2 Pin 0V_-_OUT_B [(M130/50)_(B/D)-16, Power input, Line]
[power_pin_not_driven]: Input Power pin not driven by any Output Power pins
    ; error
    @(6700 mils, 4200 mils): Symbol J2 Pin 0V_-_OUT_A [(M130/50)_(B/D)-15, Power input, Line]

***** Sheet /PDM15/
[duplicate_pins]: Pin 8A on symbol 'J3' is connected to different nets: unconnected-(J3-(PDM15{slash}30)_A6-Pad8A) and unconnected-(J3-(PDM15{slash}30)_A8-Pad8A)
    ; error
    @(4300 mils, 7600 mils): Symbol J3 Pin 8A [(PDM15/30)_A6, Output, Line]
    @(4300 mils, 7200 mils): Symbol J3 Pin 8A [(PDM15/30)_A8, Output, Line]
[pin_not_driven]: Input pin not driven by any Output pins
    ; error
    @(4400 mils, 2000 mils): Symbol J3 Pin DIG10 [(PDM15/30)_A34, Input, Line]
[pin_not_driven]: Input pin not driven by any Output pins
    ; error
    @(4400 mils, 2200 mils): Symbol J3 Pin DIG9 [(PDM15/30)_A33, Input, Line]
[pin_not_driven]: Input pin not driven by any Output pins
    ; error
    @(4400 mils, 2400 mils): Symbol J3 Pin DIG8 [(PDM15/30)_A32, Input, Line]
[pin_not_driven]: Input pin not driven by any Output pins
    ; error
    @(4400 mils, 2600 mils): Symbol J3 Pin DIG6 [(PDM15/30)_A31, Input, Line]
[pin_not_driven]: Input pin not driven by any Output pins
    ; error
    @(4400 mils, 2800 mils): Symbol J3 Pin DIG5 [(PDM15/30)_A30, Input, Line]
[pin_not_driven]: Input pin not driven by any Output pins
    ; error
    @(4400 mils, 3000 mils): Symbol J3 Pin DIG3 [(PDM15/30)_A29, Input, Line]
[pin_not_driven]: Input pin not driven by any Output pins
    ; error
    @(4400 mils, 3400 mils): Symbol J3 Pin DIG1 [(PDM15/30)_A27, Input, Line]
[pin_to_pin]: Pins of type Output and Output are connected
    ; error
    @(4500 mils, 5600 mils): Symbol J3 Pin 20A_(A7) [(PDM15/30)_A16, Output, Line]
    @(4500 mils, 7800 mils): Symbol J3 Pin 20A_(A14) [(PDM15/30)_A5, Output, Line]
[pin_to_pin]: Pins of type Output and Output are connected
    ; error
    @(4500 mils, 6000 mils): Symbol J3 Pin 20A_(A5) [(PDM15/30)_A14, Output, Line]
    @(4500 mils, 7400 mils): Symbol J3 Pin 20A_(A16) [(PDM15/30)_A7, Output, Line]
[pin_to_pin]: Pins of type Output and Output are connected
    ; error
    @(4500 mils, 6400 mils): Symbol J3 Pin 20A_(A3) [(PDM15/30)_A12, Output, Line]
    @(4500 mils, 5400 mils): Symbol J3 Pin 20A_(A9) [(PDM15/30)_A17, Output, Line]
[pin_to_pin]: Pins of type Output and Output are connected
    ; error
    @(4500 mils, 6800 mils): Symbol J3 Pin 20A_(A1) [(PDM15/30)_A10, Output, Line]
    @(4500 mils, 8600 mils): Symbol J3 Pin 20A_(A10) [(PDM15/30)_A1, Output, Line]
[pin_not_connected]: Pin not connected
    ; error
    @(9900 mils, 4000 mils): Symbol J4 Pin 19_-_8A [(PDM30)_B19, Output, Line]
[pin_not_connected]: Pin not connected
    ; error
    @(9900 mils, 4600 mils): Symbol J4 Pin 16_-_8A [(PDM30)_B16, Output, Line]
[pin_not_connected]: Pin not connected
    ; error
    @(9900 mils, 5000 mils): Symbol J4 Pin 14_-_8A [(PDM30)_B14, Output, Line]
[pin_not_connected]: Pin not connected
    ; error
    @(9900 mils, 5400 mils): Symbol J4 Pin 12_-_8A [(PDM30)_B12, Output, Line]
[pin_not_connected]: Pin not connected
    ; error
    @(9900 mils, 5800 mils): Symbol J4 Pin 10_-_8A [(PDM30)_B10, Output, Line]
[pin_not_connected]: Pin not connected
    ; error
    @(9900 mils, 6200 mils): Symbol J4 Pin 8_-_8A [(PDM30)_B8, Output, Line]
[pin_not_connected]: Pin not connected
    ; error
    @(9900 mils, 6600 mils): Symbol J4 Pin 6_-_8A [(PDM30)_B6, Output, Line]
[pin_not_connected]: Pin not connected
    ; error
    @(9900 mils, 7000 mils): Symbol J4 Pin 4_-_8A [(PDM30)_B4, Output, Line]
[pin_not_connected]: Pin not connected
    ; error
    @(9900 mils, 7400 mils): Symbol J4 Pin 2_-_8A [(PDM30)_B2, Output, Line]
[pin_not_connected]: Pin not connected
    ; error
    @(9900 mils, 7600 mils): Symbol J4 Pin 1_-_8A [(PDM30)_B1, Output, Line]
[pin_not_connected]: Pin not connected
    ; error
    @(10100 mils, 5200 mils): Symbol J4 Pin 13_-_20A_(B7) [(PDM15/30)_B13, Output, Line]
[pin_not_connected]: Pin not connected
    ; error
    @(10100 mils, 5600 mils): Symbol J4 Pin 11_-_20A_(B5) [(PDM15/30)_B11, Output, Line]
[pin_not_connected]: Pin not connected
    ; error
    @(10100 mils, 6000 mils): Symbol J4 Pin 9_-_20A_(B3) [(PDM15/30)_B9, Output, Line]
[pin_not_connected]: Pin not connected
    ; error
    @(10100 mils, 6400 mils): Symbol J4 Pin 7_-_20A_(B13) [(PDM15/30)_B7, Output, Line]
[pin_not_connected]: Pin not connected
    ; error
    @(10100 mils, 6800 mils): Symbol J4 Pin 5_-_20A_(B11) [(PDM15/30)_B5, Output, Line]
[pin_not_connected]: Pin not connected
    ; error
    @(10100 mils, 7200 mils): Symbol J4 Pin 3_-_20A_(B9) [(PDM15/30)_B3, Output, Line]
[power_pin_not_driven]: Input Power pin not driven by any Output Power pins
    ; error
    @(10200 mils, 3400 mils): Symbol J4 Pin 22_-_0V [(PDM15/30)_B22, Power input, Line]
[pin_not_connected]: Pin not connected
    ; error
    @(10200 mils, 4200 mils): Symbol J4 Pin 18_-_VBATT- [(PDM15/30)_B18, Power input, Line]
[power_pin_not_driven]: Input Power pin not driven by any Output Power pins
    ; error
    @(10200 mils, 4200 mils): Symbol J4 Pin 18_-_VBATT- [(PDM15/30)_B18, Power input, Line]
[no_connect_connected]: A pin with a "no connection" flag is connected
    ; warning
    @(4500 mils, 5600 mils): Symbol J3 Pin 20A_(A7) [(PDM15/30)_A16, Output, Line]
    @(4500 mils, 7800 mils): No Connect
[no_connect_connected]: A pin with a "no connection" flag is connected
    ; warning
    @(4500 mils, 6000 mils): Symbol J3 Pin 20A_(A5) [(PDM15/30)_A14, Output, Line]
    @(4500 mils, 7400 mils): No Connect
[no_connect_connected]: A pin with a "no connection" flag is connected
    ; warning
    @(4500 mils, 6800 mils): Symbol J3 Pin 20A_(A1) [(PDM15/30)_A10, Output, Line]
    @(4500 mils, 6800 mils): No Connect

 ** ERC messages: 321  Errors 51  Warnings 270

 ** Ignored checks:
    - Global label only appears once in the schematic
    - Four connection points are joined together
    - SPICE model issue
    - Assigned footprint doesn't match footprint filters
